_drv:0x00,cs0_drv:0x00,hd_drv:0x00,wp_drv:0x00
mode:DIO, clock div:2
load:0x3fff0030,len:6276
load:0x40078000,len:15748
loaÔøΩets Jul 29 2019 12:21:46

rst:0x1 (POWERON_RESET),boot:0x13 (SPI_FAST_FLASH_BOOT)
configsip: 0, SPIWP:0xee
clk_drv:0x00,q_drv:0x00,d_drv:0x00,cs0_drv:0x00,hd_drv:0x00,wp_drv:0x00
mode:DIO, clock div:2
load:0x3fff0030,len:6276
load:0x40078000,len:15748
load:0x40080400,len:4
ho 8 tail 4 room 4
load:0x40080404,len:3860
entry 0x4008063c
[0;32mI (31) boot: ESP-IDF v5.4.1-dirty 2nd stage bootloader[0m
[0;32mI (31) boot: compile time Jul 20 2025 23:12:41[0m
[0;32mI (31) boot: Multicore bootloader[0m
[0;32mI (33) boot: chip revision: v3.1[0m
[0;32mI (36) boot.esp32: SPI Speed      : 40MHz[0m
[0;32mI (40) boot.esp32: SPI Mode       : DIO[0m
[0;32mI (43) boot.esp32: SPI Flash Size : 2MB[0m
[0;32mI (47) boot: Enabling RNG early entropy source...[0m
[0;32mI (51) boot: Partition Table:[0m
[0;32mI (54) boot: ## Label            Usage          Type ST Offset   Length[0m
[0;32mI (60) boot:  0 nvs              WiFi data        01 02 00009000 00006000[0m
[0;32mI (67) boot:  1 phy_init         RF data          01 01 0000f000 00001000[0m
[0;32mI (73) boot:  2 factory          factory app      00 00 00010000 00100000[0m
[0;32mI (80) boot: End of partition table[0m
[0;32mI (83) esp_image: segment 0: paddr=00010020 vaddr=3f400020 size=33cf0h (212208) map[0m
[0;32mI (163) esp_image: segment 1: paddr=00043d18 vaddr=3ff80000 size=0001ch (    28) load[0m
[0;32mI (163) esp_image: segment 2: paddr=00043d3c vaddr=3ffb0000 size=03f10h ( 16144) load[0m
[0;32mI (173) esp_image: segment 3: paddr=00047c54 vaddr=40080000 size=083c4h ( 33732) load[0m
[0;32mI (187) esp_image: segment 4: paddr=00050020 vaddr=400d0020 size=a3each (671404) map[0m
[0;32mI (417) esp_image: segment 5: paddr=000f3ed4 vaddr=400883c4 size=0f3d4h ( 62420) load[0m
[0;32mI (453) boot: Loaded app from partition at offset 0x10000[0m
[0;32mI (453) boot: Disabling RNG early entropy source...[0m
[0;32mI (463) cpu_start: Multicore app[0m
[0;32mI (472) cpu_start: Pro cpu start user code[0m
[0;32mI (472) cpu_start: cpu freq: 160000000 Hz[0m
[0;32mI (472) app_init: Application information:[0m
[0;32mI (472) app_init: Project name:     door_monitor[0m
[0;32mI (476) app_init: App version:      v5.4.1-dirty[0m
[0;32mI (480) app_init: Compile time:     Jul 20 2025 23:12:41[0m
[0;32mI (486) app_init: ELF file SHA256:  6163a3c78...[0m
[0;32mI (490) app_init: ESP-IDF:          v5.4.1-dirty[0m
[0;32mI (494) efuse_init: Min chip rev:     v0.0[0m
[0;32mI (498) efuse_init: Max chip rev:     v3.99 [0m
[0;32mI (502) efuse_init: Chip rev:         v3.1[0m
[0;32mI (506) heap_init: Initializing. RAM available for dynamic allocation:[0m
[0;32mI (512) heap_init: At 3FFAE6E0 len 00001920 (6 KiB): DRAM[0m
[0;32mI (517) heap_init: At 3FFB87A0 len 00027860 (158 KiB): DRAM[0m
[0;32mI (523) heap_init: At 3FFE0440 len 00003AE0 (14 KiB): D/IRAM[0m
[0;32mI (528) heap_init: At 3FFE4350 len 0001BCB0 (111 KiB): D/IRAM[0m
[0;32mI (533) heap_init: At 40097798 len 00008868 (34 KiB): IRAM[0m
[0;32mI (540) spi_flash: detected chip: generic[0m
[0;32mI (542) spi_flash: flash io: dio[0m
[0;33mW (545) spi_flash: Detected size(4096k) larger than the size in the binary image header(2048k). Using the size in the binary image header.[0m
[0;32mI (559) main_task: Started on CPU0[0m
[0;32mI (569) main_task: Calling app_main()[0m
[0;32mI (599) wifi:wifi driver task: 3ffc191c, prio:23, stack:6656, core=0[0m
[0;32mI (609) wifi:wifi firmware version: 79fa3f41ba[0m
[0;32mI (609) wifi:wifi certification version: v7.0[0m
[0;32mI (609) wifi:config NVS flash: enabled[0m
[0;32mI (609) wifi:config nano formatting: disabled[0m
[0;32mI (619) wifi:Init data frame dynamic rx buffer num: 32[0m
[0;32mI (619) wifi:Init static rx mgmt buffer num: 5[0m
[0;32mI (619) wifi:Init management short buffer num: 32[0m
[0;32mI (629) wifi:Init dynamic tx buffer num: 32[0m
[0;32mI (629) wifi:Init static rx buffer size: 1600[0m
[0;32mI (639) wifi:Init static rx buffer num: 10[0m
[0;32mI (639) wifi:Init dynamic rx buffer num: 32[0m
[0;32mI (649) wifi_init: rx ba win: 6[0m
[0;32mI (649) wifi_init: accept mbox: 6[0m
[0;32mI (649) wifi_init: tcpip mbox: 32[0m
[0;32mI (649) wifi_init: udp mbox: 6[0m
[0;32mI (659) wifi_init: tcp mbox: 6[0m
[0;32mI (659) wifi_init: tcp tx win: 5760[0m
[0;32mI (659) wifi_init: tcp rx win: 5760[0m
[0;32mI (659) wifi_init: tcp mss: 1440[0m
[0;32mI (669) wifi_init: WiFi IRAM OP enabled[0m
[0;32mI (669) wifi_init: WiFi RX IRAM OP enabled[0m
[0;32mI (679) phy_init: phy_version 4860,6b7a6e5,Feb  6 2025,14:47:07[0m
[0;32mI (759) phy_init: Saving new calibration data due to checksum failure or outdated calibration data, mode(0)[0m
[0;32mI (809) wifi:mode : sta (f4:65:0b:46:b0:cc)[0m
[0;32mI (809) wifi:enable tsf[0m
[0;32mI (809) DOOR_MONITOR: üì° Connecting to Wi-Fi...[0m
[0;32mI (829) wifi:new:<1,0>, old:<1,0>, ap:<255,255>, sta:<1,0>, prof:1, snd_ch_cfg:0x0[0m
[0;32mI (829) wifi:state: init -> auth (0xb0)[0m
[0;32mI (839) wifi:state: auth -> assoc (0x0)[0m
[0;32mI (849) wifi:state: assoc -> run (0x10)[0m
[0;32mI (859) wifi:<ba-add>idx:0 (ifx:0, 6c:cd:d6:77:6c:77), tid:5, ssn:0, winSize:64[0m
[0;32mI (889) wifi:connected with Ace & King of Hearts, aid = 4, channel 1, BW20, bssid = 6c:cd:d6:77:6c:77[0m
[0;32mI (889) wifi:security: WPA2-PSK, phy: bgn, rssi: -75[0m
[0;32mI (899) wifi:pm start, type: 1[0m

[0;32mI (899) wifi:dp: 1, bi: 102400, li: 3, scale listen interval from 307200 us to 307200 us[0m
[0;32mI (929) wifi:dp: 2, bi: 102400, li: 4, scale listen interval from 307200 us to 409600 us[0m
[0;32mI (929) wifi:AP's beacon interval = 102400 us, DTIM period = 2[0m
[0;32mI (1429) wifi:<ba-add>idx:1 (ifx:0, 6c:cd:d6:77:6c:77), tid:0, ssn:0, winSize:64[0m
[0;32mI (3469) esp_netif_handlers: sta ip: 192.168.0.39, mask: 255.255.255.0, gw: 192.168.0.1[0m
[0;32mI (3469) DOOR_MONITOR: ‚úÖ Wi-Fi connected![0m
[0;32mI (3469) gpio: GPIO[4]| InputEn: 1| OutputEn: 0| OpenDrain: 0| Pullup: 1| Pulldown: 0| Intr:0 [0m
[0;32mI (3479) DOOR_MONITOR: GPIO 4 configured for sensor[0m
[0;33mW (3479) DOOR_MONITOR: Door/Window is OPEN![0m
[1;31mE (3489) HTTP_CLIENT: Error parse url https://api.telegram.org/bot8147801516:AAGXa3En0T2wQTTtV2APgHGWyMSEyCK_1sE/sendMessage?chat_id=1245560165&text=Hello Master Stark%2C%20your%20door%20or%20window%20is%20OPEN%21%20Might%20I%20suggest%20increasing%20the%20safety%3F[0m
[1;31mE (3509) HTTP_CLIENT: Failed to set URL[0m
[1;31mE (3509) DOOR_MONITOR: ‚ùå Failed to init HTTP client for user 1[0m
[1;31mE (3519) HTTP_CLIENT: Error parse url https://api.telegram.org/bot8147801516:AAGXa3En0T2wQTTtV2APgHGWyMSEyCK_1sE/sendMessage?chat_id=1245560165&text=Hello Mrs Suseendran%2C%20your%20door%20or%20window%20is%20OPEN%21%20Might%20I%20suggest%20increasing%20the%20safety%3F[0m
[1;31mE (3539) HTTP_CLIENT: Failed to set URL[0m
[1;31mE (3539) DOOR_MONITOR: ‚ùå Failed to init HTTP client for user 2[0m
[0;33mW (63549) DOOR_MONITOR: Door/Window is OPEN![0m
[1;31mE (63549) HTTP_CLIENT: Error parse url https://api.telegram.org/bot8147801516:AAGXa3En0T2wQTTtV2APgHGWyMSEyCK_1sE/sendMessage?chat_id=1245560165&text=Hello Master Stark%2C%20your%20door%20or%20window%20is%20OPEN%21%20Might%20I%20suggest%20increasing%20the%20safety%3F[0m
[1;31mE (63559) HTTP_CLIENT: Failed to set URL[0m
[1;31mE (63569) DOOR_MONITOR: ‚ùå Failed to init HTTP client for user 1[0m
[1;31mE (63569) HTTP_CLIENT: Error parse url https://api.telegram.org/bot8147801516:AAGXa3En0T2wQTTtV2APgHGWyMSEyCK_1sE/sendMessage?chat_id=1245560165&text=Hello Mrs Suseendran%2C%20your%20door%20or%20window%20is%20OPEN%21%20Might%20I%20suggest%20increasing%20the%20safety%3F[0m
[1;31mE (63589) HTTP_CLIENT: Failed to set URL[0m
[1;31mE (63599) DOOR_MONITOR: ‚ùå Failed to init HTTP client for user 2[0m
