PI_FAST_FLASH_BOOT)
configsip: 0, SPIWP:0xee
clk_drv:0x00,q_drv:0x00,d_drv:0x00,cs0_drv:0x00,hd_drv:0x00,wp_drv:0x00
mode:DIO, clock div:2
load:0x3fff0030,len:6276
load:0x40078000,len:15748
loaï¿½ets Jul 29 2019 12:21:46

rst:0x1 (POWERON_RESET),boot:0x13 (SPI_FAST_FLASH_BOOT)
configsip: 0, SPIWP:0xee
clk_drv:0x00,q_drv:0x00,d_drv:0x00,cs0_drv:0x00,hd_drv:0x00,wp_drv:0x00
mode:DIO, clock div:2
load:0x3fff0030,len:6276
load:0x40078000,len:15748
load:0x40080400,len:4
ho 8 tail 4 room 4
load:0x40080404,len:3860
entry 0x4008063c
[0;32mI (31) boot: ESP-IDF v5.4.1-1-g65c3296662-dirty 2nd stage bootloader[0m
[0;32mI (31) boot: compile time Jul 21 2025 00:47:29[0m
[0;32mI (31) boot: Multicore bootloader[0m
[0;32mI (34) boot: chip revision: v3.1[0m
[0;32mI (37) boot.esp32: SPI Speed      : 40MHz[0m
[0;32mI (41) boot.esp32: SPI Mode       : DIO[0m
[0;32mI (44) boot.esp32: SPI Flash Size : 2MB[0m
[0;32mI (48) boot: Enabling RNG early entropy source...[0m
[0;32mI (52) boot: Partition Table:[0m
[0;32mI (55) boot: ## Label            Usage          Type ST Offset   Length[0m
[0;32mI (61) boot:  0 nvs              WiFi data        01 02 00009000 00006000[0m
[0;32mI (68) boot:  1 phy_init         RF data          01 01 0000f000 00001000[0m
[0;32mI (74) boot:  2 factory          factory app      00 00 00010000 00100000[0m
[0;32mI (81) boot: End of partition table[0m
[0;32mI (84) esp_image: segment 0: paddr=00010020 vaddr=3f400020 size=34854h (215124) map[0m
[0;32mI (165) esp_image: segment 1: paddr=0004487c vaddr=3ff80000 size=0001ch (    28) load[0m
[0;32mI (165) esp_image: segment 2: paddr=000448a0 vaddr=3ffb0000 size=03f78h ( 16248) load[0m
[0;32mI (175) esp_image: segment 3: paddr=00048820 vaddr=40080000 size=077f8h ( 30712) load[0m
[0;32mI (189) esp_image: segment 4: paddr=00050020 vaddr=400d0020 size=a7bf4h (687092) map[0m
[0;32mI (423) esp_image: segment 5: paddr=000f7c1c vaddr=400877f8 size=101c4h ( 65988) load[0m
[0;32mI (461) boot: Loaded app from partition at offset 0x10000[0m
[0;32mI (461) boot: Disabling RNG early entropy source...[0m
[0;32mI (471) cpu_start: Multicore app[0m
[0;32mI (480) cpu_start: Pro cpu start user code[0m
[0;32mI (480) cpu_start: cpu freq: 160000000 Hz[0m
[0;32mI (480) app_init: Application information:[0m
[0;32mI (480) app_init: Project name:     door_monitor[0m
[0;32mI (484) app_init: App version:      v5.4.1-1-g65c3296662-dirty[0m
[0;32mI (490) app_init: Compile time:     Jul 21 2025 01:03:28[0m
[0;32mI (495) app_init: ELF file SHA256:  d971d651a...[0m
[0;32mI (499) app_init: ESP-IDF:          v5.4.1-1-g65c3296662-dirty[0m
[0;32mI (504) efuse_init: Min chip rev:     v0.0[0m
[0;32mI (508) efuse_init: Max chip rev:     v3.99 [0m
[0;32mI (512) efuse_init: Chip rev:         v3.1[0m
[0;32mI (516) heap_init: Initializing. RAM available for dynamic allocation:[0m
[0;32mI (523) heap_init: At 3FFAE6E0 len 00001920 (6 KiB): DRAM[0m
[0;32mI (528) heap_init: At 3FFB8870 len 00027790 (157 KiB): DRAM[0m
[0;32mI (533) heap_init: At 3FFE0440 len 00003AE0 (14 KiB): D/IRAM[0m
[0;32mI (538) heap_init: At 3FFE4350 len 0001BCB0 (111 KiB): D/IRAM[0m
[0;32mI (544) heap_init: At 400979BC len 00008644 (33 KiB): IRAM[0m
[0;32mI (550) spi_flash: detected chip: generic[0m
[0;32mI (553) spi_flash: flash io: dio[0m
[0;33mW (556) spi_flash: Detected size(4096k) larger than the size in the binary image header(2048k). Using the size in the binary image header.[0m
[0;32mI (569) main_task: Started on CPU0[0m
[0;32mI (579) main_task: Calling app_main()[0m
[0;32mI (609) wifi:wifi driver task: 3ffc1a70, prio:23, stack:6656, core=0[0m
[0;32mI (619) wifi:wifi firmware version: 79fa3f41ba[0m
[0;32mI (619) wifi:wifi certification version: v7.0[0m
[0;32mI (619) wifi:config NVS flash: enabled[0m
[0;32mI (619) wifi:config nano formatting: disabled[0m
[0;32mI (629) wifi:Init data frame dynamic rx buffer num: 32[0m
[0;32mI (629) wifi:Init static rx mgmt buffer num: 5[0m
[0;32mI (629) wifi:Init management short buffer num: 32[0m
[0;32mI (639) wifi:Init dynamic tx buffer num: 32[0m
[0;32mI (639) wifi:Init static rx buffer size: 1600[0m
[0;32mI (649) wifi:Init static rx buffer num: 10[0m
[0;32mI (649) wifi:Init dynamic rx buffer num: 32[0m
[0;32mI (659) wifi_init: rx ba win: 6[0m
[0;32mI (659) wifi_init: accept mbox: 6[0m
[0;32mI (659) wifi_init: tcpip mbox: 32[0m
[0;32mI (659) wifi_init: udp mbox: 6[0m
[0;32mI (669) wifi_init: tcp mbox: 6[0m
[0;32mI (669) wifi_init: tcp tx win: 5760[0m
[0;32mI (669) wifi_init: tcp rx win: 5760[0m
[0;32mI (669) wifi_init: tcp mss: 1440[0m
[0;32mI (679) wifi_init: WiFi IRAM OP enabled[0m
[0;32mI (679) wifi_init: WiFi RX IRAM OP enabled[0m
[0;32mI (689) phy_init: phy_version 4860,6b7a6e5,Feb  6 2025,14:47:07[0m
[0;32mI (769) wifi:mode : sta (f4:65:0b:46:b0:cc)[0m
[0;32mI (769) wifi:enable tsf[0m
[0;32mI (779) DOOR_MONITOR: ðŸ“¡ Connecting to Wi-Fi...[0m
[0;32mI (789) wifi:new:<1,0>, old:<1,0>, ap:<255,255>, sta:<1,0>, prof:1, snd_ch_cfg:0x0[0m
[0;32mI (789) wifi:state: init -> auth (0xb0)[0m
[0;32mI (799) wifi:state: auth -> assoc (0x0)[0m
[0;32mI (809) wifi:state: assoc -> run (0x10)[0m
[0;32mI (849) wifi:<ba-add>idx:0 (ifx:0, 6c:cd:d6:77:6c:77), tid:5, ssn:0, winSize:64[0m
[0;32mI (889) wifi:connected with Ace & King of Hearts, aid = 4, channel 1, BW20, bssid = 6c:cd:d6:77:6c:77[0m
[0;32mI (889) wifi:security: WPA2-PSK, phy: bgn, rssi: -79[0m
[0;32mI (899) wifi:pm start, type: 1[0m

[0;32mI (899) wifi:dp: 1, bi: 102400, li: 3, scale listen interval from 307200 us to 307200 us[0m
[0;32mI (949) wifi:<ba-add>idx:1 (ifx:0, 6c:cd:d6:77:6c:77), tid:0, ssn:0, winSize:64[0m
[0;32mI (969) wifi:dp: 2, bi: 102400, li: 4, scale listen interval from 307200 us to 409600 us[0m
[0;32mI (969) wifi:AP's beacon interval = 102400 us, DTIM period = 2[0m
[0;32mI (3229) esp_netif_handlers: sta ip: 192.168.0.39, mask: 255.255.255.0, gw: 192.168.0.1[0m
[0;32mI (3229) DOOR_MONITOR: âœ… Wi-Fi connected![0m
[0;32mI (3229) gpio: GPIO[2]| InputEn: 1| OutputEn: 1| OpenDrain: 0| Pullup: 1| Pulldown: 0| Intr:0 [0m
[0;32mI (3239) gpio: GPIO[4]| InputEn: 1| OutputEn: 1| OpenDrain: 0| Pullup: 1| Pulldown: 0| Intr:0 [0m
[0;32mI (3239) DOOR_MONITOR: GPIOs configured for sensor and LED[0m
[0;32mI (5159) esp-x509-crt-bundle: Certificate validated[0m
[0;32mI (8569) esp-x509-crt-bundle: Certificate validated[0m
[0;32mI (11509) esp-x509-crt-bundle: Certificate validated[0m
[0;32mI (14729) esp-x509-crt-bundle: Certificate validated[0m
[1;31mE (22089) esp-tls: [sock=54] select() timeout[0m
[1;31mE (22089) esp-tls: Failed to open new connection[0m
[1;31mE (22089) transport_base: Failed to open a new connection[0m
[1;31mE (22089) HTTP_CLIENT: Connection failed, sock < 0[0m
[1;31mE (28099) esp-tls: [sock=54] select() timeout[0m
[1;31mE (28099) esp-tls: Failed to open new connection[0m
[1;31mE (28099) transport_base: Failed to open a new connection[0m
[1;31mE (28099) HTTP_CLIENT: Connection failed, sock < 0[0m
[0;32mI (32959) esp-x509-crt-bundle: Certificate validated[0m
[0;32mI (38169) esp-x509-crt-bundle: Certificate validated[0m
[0;32mI (42159) esp-x509-crt-bundle: Certificate validated[0m
[0;32mI (45539) esp-x509-crt-bundle: Certificate validated[0m
[0;32mI (48929) esp-x509-crt-bundle: Certificate validated[0m
[0;32mI (51989) esp-x509-crt-bundle: Certificate validated[0m
[0;32mI (55679) esp-x509-crt-bundle: Certificate validated[0m
[0;32mI (58549) esp-x509-crt-bundle: Certificate validated[0m
[0;32mI (61829) esp-x509-crt-bundle: Certificate validated[0m
[0;32mI (64709) esp-x509-crt-bundle: Certificate validated[0m
[0;32mI (67869) esp-x509-crt-bundle: Certificate validated[0m
[0;32mI (70839) esp-x509-crt-bundle: Certificate validated[0m
[0;32mI (74329) esp-x509-crt-bundle: Certificate validated[0m
[0;32mI (77799) esp-x509-crt-bundle: Certificate validated[0m
[0;32mI (80979) esp-x509-crt-bundle: Certificate validated[0m
[0;32mI (83949) esp-x509-crt-bundle: Certificate validated[0m
[0;32mI (87019) esp-x509-crt-bundle: Certificate validated[0m
[0;32mI (90089) esp-x509-crt-bundle: Certificate validated[0m
[0;32mI (93379) esp-x509-crt-bundle: Certificate validated[0m
[0;32mI (96849) esp-x509-crt-bundle: Certificate validated[0m
[0;32mI (99699) esp-x509-crt-bundle: Certificate validated[0m
[0;32mI (102579) esp-x509-crt-bundle: Certificate validated[0m
[0;32mI (105639) esp-x509-crt-bundle: Certificate validated[0m
[0;32mI (111379) esp-x509-crt-bundle: Certificate validated[0m
[0;32mI (114249) esp-x509-crt-bundle: Certificate validated[0m
[0;32mI (117099) esp-x509-crt-bundle: Certificate validated[0m
[0;32mI (119969) esp-x509-crt-bundle: Certificate validated[0m
[0;32mI (124279) esp-x509-crt-bundle: Certificate validated[0m
[0;32mI (131659) esp-x509-crt-bundle: Certificate validated[0m
[0;32mI (134509) esp-x509-crt-bundle: Certificate validated[0m
[0;32mI (137379) esp-x509-crt-bundle: Certificate validated[0m
[0;32mI (140259) esp-x509-crt-bundle: Certificate validated[0m
[0;32mI (143119) esp-x509-crt-bundle: Certificate validated[0m
[0;32mI (145999) esp-x509-crt-bundle: Certificate validated[0m
[0;32mI (148849) esp-x509-crt-bundle: Certificate validated[0m
[0;32mI (151729) esp-x509-crt-bundle: Certificate validated[0m
[0;32mI (154589) esp-x509-crt-bundle: Certificate validated[0m
[0;32mI (157669) esp-x509-crt-bundle: Certificate validated[0m
[0;32mI (160539) esp-x509-crt-bundle: Certificate validated[0m
[0;32mI (163609) esp-x509-crt-bundle: Certificate validated[0m
[0;32mI (166889) esp-x509-crt-bundle: Certificate validated[0m
[0;32mI (169749) esp-x509-crt-bundle: Certificate validated[0m
[0;32mI (172719) esp-x509-crt-bundle: Certificate validated[0m
[0;32mI (177329) esp-x509-crt-bundle: Certificate validated[0m
[0;32mI (180209) esp-x509-crt-bundle: Certificate validated[0m
[0;32mI (183269) esp-x509-crt-bundle: Certificate validated[0m
[0;32mI (186559) esp-x509-crt-bundle: Certificate validated[0m
[0;32mI (189409) esp-x509-crt-bundle: Certificate validated[0m
[0;32mI (192589) esp-x509-crt-bundle: Certificate validated[0m
[0;32mI (195559) esp-x509-crt-bundle: Certificate validated[0m
[0;32mI (199099) esp-x509-crt-bundle: Certificate validated[0m
