WP:0xee
clk_drv:0x00,q_drv:0x00,d_drv:0x00,cs0_drv:0x00,hd_drv:0x00,wp_drv:0x00
mode:DIO, clock div:2
load:0x3fff0030,len:6276
load:0x40078000,len:15748
load:0x40080400,len:4
ho 8 tail 4 rooï¿½ets Jul 29 2019 12:21:46

rst:0x1 (POWERON_RESET),boot:0x13 (SPI_FAST_FLASH_BOOT)
configsip: 0, SPIWP:0xee
clk_drv:0x00,q_drv:0x00,d_drv:0x00,cs0_drv:0x00,hd_drv:0x00,wp_drv:0x00
mode:DIO, clock div:2
load:0x3fff0030,len:6276
load:0x40078000,len:15748
load:0x40080400,len:4
ho 8 tail 4 room 4
load:0x40080404,len:3860
entry 0x4008063c
[0;32mI (31) boot: ESP-IDF v5.4.1-1-g65c3296662-dirty 2nd stage bootloader[0m
[0;32mI (31) boot: compile time Jul 21 2025 00:47:29[0m
[0;32mI (31) boot: Multicore bootloader[0m
[0;32mI (34) boot: chip revision: v3.1[0m
[0;32mI (37) boot.esp32: SPI Speed      : 40MHz[0m
[0;32mI (41) boot.esp32: SPI Mode       : DIO[0m
[0;32mI (44) boot.esp32: SPI Flash Size : 2MB[0m
[0;32mI (48) boot: Enabling RNG early entropy source...[0m
[0;32mI (52) boot: Partition Table:[0m
[0;32mI (55) boot: ## Label            Usage          Type ST Offset   Length[0m
[0;32mI (61) boot:  0 nvs              WiFi data        01 02 00009000 00006000[0m
[0;32mI (68) boot:  1 phy_init         RF data          01 01 0000f000 00001000[0m
[0;32mI (74) boot:  2 factory          factory app      00 00 00010000 00100000[0m
[0;32mI (81) boot: End of partition table[0m
[0;32mI (84) esp_image: segment 0: paddr=00010020 vaddr=3f400020 size=33d20h (212256) map[0m
[0;32mI (164) esp_image: segment 1: paddr=00043d48 vaddr=3ff80000 size=0001ch (    28) load[0m
[0;32mI (164) esp_image: segment 2: paddr=00043d6c vaddr=3ffb0000 size=03f10h ( 16144) load[0m
[0;32mI (174) esp_image: segment 3: paddr=00047c84 vaddr=40080000 size=08394h ( 33684) load[0m
[0;32mI (189) esp_image: segment 4: paddr=00050020 vaddr=400d0020 size=a43d8h (672728) map[0m
[0;32mI (419) esp_image: segment 5: paddr=000f4400 vaddr=40088394 size=0f404h ( 62468) load[0m
[0;32mI (454) boot: Loaded app from partition at offset 0x10000[0m
[0;32mI (454) boot: Disabling RNG early entropy source...[0m
[0;32mI (465) cpu_start: Multicore app[0m
[0;32mI (473) cpu_start: Pro cpu start user code[0m
[0;32mI (473) cpu_start: cpu freq: 160000000 Hz[0m
[0;32mI (473) app_init: Application information:[0m
[0;32mI (473) app_init: Project name:     door_monitor[0m
[0;32mI (478) app_init: App version:      v5.4.1-1-g65c3296662-dirty[0m
[0;32mI (483) app_init: Compile time:     Jul 21 2025 21:20:39[0m
[0;32mI (488) app_init: ELF file SHA256:  d0998253c...[0m
[0;32mI (493) app_init: ESP-IDF:          v5.4.1-1-g65c3296662-dirty[0m
[0;32mI (498) efuse_init: Min chip rev:     v0.0[0m
[0;32mI (502) efuse_init: Max chip rev:     v3.99 [0m
[0;32mI (506) efuse_init: Chip rev:         v3.1[0m
[0;32mI (510) heap_init: Initializing. RAM available for dynamic allocation:[0m
[0;32mI (516) heap_init: At 3FFAE6E0 len 00001920 (6 KiB): DRAM[0m
[0;32mI (521) heap_init: At 3FFB87D8 len 00027828 (158 KiB): DRAM[0m
[0;32mI (527) heap_init: At 3FFE0440 len 00003AE0 (14 KiB): D/IRAM[0m
[0;32mI (532) heap_init: At 3FFE4350 len 0001BCB0 (111 KiB): D/IRAM[0m
[0;32mI (537) heap_init: At 40097798 len 00008868 (34 KiB): IRAM[0m
[0;32mI (544) spi_flash: detected chip: generic[0m
[0;32mI (546) spi_flash: flash io: dio[0m
[0;33mW (549) spi_flash: Detected size(4096k) larger than the size in the binary image header(2048k). Using the size in the binary image header.[0m
[0;32mI (563) main_task: Started on CPU0[0m
[0;32mI (573) main_task: Calling app_main()[0m
[0;32mI (603) wifi:wifi driver task: 3ffc1a5c, prio:23, stack:6656, core=0[0m
[0;32mI (613) wifi:wifi firmware version: 79fa3f41ba[0m
[0;32mI (613) wifi:wifi certification version: v7.0[0m
[0;32mI (613) wifi:config NVS flash: enabled[0m
[0;32mI (613) wifi:config nano formatting: disabled[0m
[0;32mI (623) wifi:Init data frame dynamic rx buffer num: 32[0m
[0;32mI (623) wifi:Init static rx mgmt buffer num: 5[0m
[0;32mI (623) wifi:Init management short buffer num: 32[0m
[0;32mI (633) wifi:Init dynamic tx buffer num: 32[0m
[0;32mI (633) wifi:Init static rx buffer size: 1600[0m
[0;32mI (643) wifi:Init static rx buffer num: 10[0m
[0;32mI (643) wifi:Init dynamic rx buffer num: 32[0m
[0;32mI (653) wifi_init: rx ba win: 6[0m
[0;32mI (653) wifi_init: accept mbox: 6[0m
[0;32mI (653) wifi_init: tcpip mbox: 32[0m
[0;32mI (653) wifi_init: udp mbox: 6[0m
[0;32mI (663) wifi_init: tcp mbox: 6[0m
[0;32mI (663) wifi_init: tcp tx win: 5760[0m
[0;32mI (663) wifi_init: tcp rx win: 5760[0m
[0;32mI (663) wifi_init: tcp mss: 1440[0m
[0;32mI (673) wifi_init: WiFi IRAM OP enabled[0m
[0;32mI (673) wifi_init: WiFi RX IRAM OP enabled[0m
[0;32mI (683) phy_init: phy_version 4860,6b7a6e5,Feb  6 2025,14:47:07[0m
[0;32mI (763) wifi:mode : sta (f4:65:0b:46:b0:cc)[0m
[0;32mI (763) wifi:enable tsf[0m
[0;32mI (773) DOOR_MONITOR: ðŸ“¡ Connecting to Wi-Fi...[0m
[0;32mI (783) wifi:new:<1,0>, old:<1,0>, ap:<255,255>, sta:<1,0>, prof:1, snd_ch_cfg:0x0[0m
[0;32mI (783) wifi:state: init -> auth (0xb0)[0m
[0;32mI (793) wifi:state: auth -> assoc (0x0)[0m
[0;32mI (803) wifi:state: assoc -> run (0x10)[0m
[0;32mI (833) wifi:<ba-add>idx:0 (ifx:0, 6c:cd:d6:77:6c:77), tid:5, ssn:0, winSize:64[0m
[0;32mI (873) wifi:connected with Ace & King of Hearts, aid = 4, channel 1, BW20, bssid = 6c:cd:d6:77:6c:77[0m
[0;32mI (873) wifi:security: WPA2-PSK, phy: bgn, rssi: -73[0m
[0;32mI (883) wifi:pm start, type: 1[0m

[0;32mI (883) wifi:dp: 1, bi: 102400, li: 3, scale listen interval from 307200 us to 307200 us[0m
[0;32mI (913) wifi:dp: 2, bi: 102400, li: 4, scale listen interval from 307200 us to 409600 us[0m
[0;32mI (923) wifi:AP's beacon interval = 102400 us, DTIM period = 2[0m
[0;32mI (933) wifi:<ba-add>idx:1 (ifx:0, 6c:cd:d6:77:6c:77), tid:0, ssn:0, winSize:64[0m
[0;32mI (3063) esp_netif_handlers: sta ip: 192.168.0.39, mask: 255.255.255.0, gw: 192.168.0.1[0m
[0;32mI (3063) DOOR_MONITOR: âœ… Wi-Fi connected![0m
[0;32mI (3063) gpio: GPIO[4]| InputEn: 1| OutputEn: 0| OpenDrain: 0| Pullup: 1| Pulldown: 0| Intr:0 [0m
[0;32mI (3073) gpio: GPIO[2]| InputEn: 0| OutputEn: 1| OpenDrain: 0| Pullup: 0| Pulldown: 0| Intr:0 [0m
[0;33mW (3073) DOOR_MONITOR: Door/Window is OPEN[0m
[0;33mW (11953) DOOR_MONITOR: Door/Window is CLOSED[0m
[0;33mW (12453) DOOR_MONITOR: Door/Window is OPEN[0m
[0;33mW (17513) DOOR_MONITOR: Door/Window is CLOSED[0m
[0;33mW (17633) DOOR_MONITOR: Door/Window is OPEN[0m
[0;33mW (18723) DOOR_MONITOR: Door/Window is CLOSED[0m
[0;33mW (19053) DOOR_MONITOR: Door/Window is OPEN[0m
[0;32mI (61303) esp-x509-crt-bundle: Certificate validated[0m
[0;32mI (62913) DOOR_MONITOR: âœ… Alert sent to user 1[0m
[0;32mI (63853) esp-x509-crt-bundle: Certificate validated[0m
[0;32mI (65153) DOOR_MONITOR: âœ… Alert sent to user 2[0m
[0;32mI (121213) esp-x509-crt-bundle: Certificate validated[0m
[0;32mI (122483) DOOR_MONITOR: âœ… Alert sent to user 1[0m
[0;32mI (123033) esp-x509-crt-bundle: Certificate validated[0m
[0;32mI (124323) DOOR_MONITOR: âœ… Alert sent to user 2[0m
[0;33mW (135973) DOOR_MONITOR: Door/Window is CLOSED[0m
