PI_FAST_FLASH_BOOT)
configsip: 0, SPIWP:0xee
clk_drv:0x00,q_drv:0x00,d_drv:0x00,cs0_drv:0x00,hd_drv:0x00,wp_drv:0x00
mode:DIO, clock div:2
load:0x3fff0030,len:6276
load:0x40078000,len:15748
loaï¿½ets Jul 29 2019 12:21:46

rst:0x1 (POWERON_RESET),boot:0x13 (SPI_FAST_FLASH_BOOT)
configsip: 0, SPIWP:0xee
clk_drv:0x00,q_drv:0x00,d_drv:0x00,cs0_drv:0x00,hd_drv:0x00,wp_drv:0x00
mode:DIO, clock div:2
load:0x3fff0030,len:6276
load:0x40078000,len:15748
load:0x40080400,len:4
ho 8 tail 4 room 4
load:0x40080404,len:3860
entry 0x4008063c
[0;32mI (31) boot: ESP-IDF v5.4.1-1-g65c3296662-dirty 2nd stage bootloader[0m
[0;32mI (31) boot: compile time Jul 21 2025 00:47:29[0m
[0;32mI (31) boot: Multicore bootloader[0m
[0;32mI (34) boot: chip revision: v3.1[0m
[0;32mI (37) boot.esp32: SPI Speed      : 40MHz[0m
[0;32mI (41) boot.esp32: SPI Mode       : DIO[0m
[0;32mI (44) boot.esp32: SPI Flash Size : 2MB[0m
[0;32mI (48) boot: Enabling RNG early entropy source...[0m
[0;32mI (52) boot: Partition Table:[0m
[0;32mI (55) boot: ## Label            Usage          Type ST Offset   Length[0m
[0;32mI (61) boot:  0 nvs              WiFi data        01 02 00009000 00006000[0m
[0;32mI (68) boot:  1 phy_init         RF data          01 01 0000f000 00001000[0m
[0;32mI (74) boot:  2 factory          factory app      00 00 00010000 00100000[0m
[0;32mI (81) boot: End of partition table[0m
[0;32mI (84) esp_image: segment 0: paddr=00010020 vaddr=3f400020 size=33d5ch (212316) map[0m
[0;32mI (164) esp_image: segment 1: paddr=00043d84 vaddr=3ff80000 size=0001ch (    28) load[0m
[0;32mI (164) esp_image: segment 2: paddr=00043da8 vaddr=3ffb0000 size=03f20h ( 16160) load[0m
[0;32mI (174) esp_image: segment 3: paddr=00047cd0 vaddr=40080000 size=08348h ( 33608) load[0m
[0;32mI (189) esp_image: segment 4: paddr=00050020 vaddr=400d0020 size=a64f4h (681204) map[0m
[0;32mI (422) esp_image: segment 5: paddr=000f651c vaddr=40088348 size=0f450h ( 62544) load[0m
[0;32mI (457) boot: Loaded app from partition at offset 0x10000[0m
[0;32mI (457) boot: Disabling RNG early entropy source...[0m
[0;32mI (468) cpu_start: Multicore app[0m
[0;32mI (476) cpu_start: Pro cpu start user code[0m
[0;32mI (476) cpu_start: cpu freq: 160000000 Hz[0m
[0;32mI (476) app_init: Application information:[0m
[0;32mI (476) app_init: Project name:     door_monitor[0m
[0;32mI (481) app_init: App version:      v5.4.1-1-g65c3296662-dirty[0m
[0;32mI (486) app_init: Compile time:     Jul 21 2025 21:20:39[0m
[0;32mI (491) app_init: ELF file SHA256:  22100b438...[0m
[0;32mI (496) app_init: ESP-IDF:          v5.4.1-1-g65c3296662-dirty[0m
[0;32mI (501) efuse_init: Min chip rev:     v0.0[0m
[0;32mI (505) efuse_init: Max chip rev:     v3.99 [0m
[0;32mI (509) efuse_init: Chip rev:         v3.1[0m
[0;32mI (513) heap_init: Initializing. RAM available for dynamic allocation:[0m
[0;32mI (519) heap_init: At 3FFAE6E0 len 00001920 (6 KiB): DRAM[0m
[0;32mI (524) heap_init: At 3FFB87B8 len 00027848 (158 KiB): DRAM[0m
[0;32mI (530) heap_init: At 3FFE0440 len 00003AE0 (14 KiB): D/IRAM[0m
[0;32mI (535) heap_init: At 3FFE4350 len 0001BCB0 (111 KiB): D/IRAM[0m
[0;32mI (540) heap_init: At 40097798 len 00008868 (34 KiB): IRAM[0m
[0;32mI (547) spi_flash: detected chip: generic[0m
[0;32mI (549) spi_flash: flash io: dio[0m
[0;33mW (552) spi_flash: Detected size(4096k) larger than the size in the binary image header(2048k). Using the size in the binary image header.[0m
[0;32mI (566) main_task: Started on CPU0[0m
[0;32mI (576) main_task: Calling app_main()[0m
[0;32mI (606) wifi:wifi driver task: 3ffc19b8, prio:23, stack:6656, core=0[0m
[0;32mI (616) wifi:wifi firmware version: 79fa3f41ba[0m
[0;32mI (616) wifi:wifi certification version: v7.0[0m
[0;32mI (616) wifi:config NVS flash: enabled[0m
[0;32mI (616) wifi:config nano formatting: disabled[0m
[0;32mI (626) wifi:Init data frame dynamic rx buffer num: 32[0m
[0;32mI (626) wifi:Init static rx mgmt buffer num: 5[0m
[0;32mI (626) wifi:Init management short buffer num: 32[0m
[0;32mI (636) wifi:Init dynamic tx buffer num: 32[0m
[0;32mI (636) wifi:Init static rx buffer size: 1600[0m
[0;32mI (646) wifi:Init static rx buffer num: 10[0m
[0;32mI (646) wifi:Init dynamic rx buffer num: 32[0m
[0;32mI (656) wifi_init: rx ba win: 6[0m
[0;32mI (656) wifi_init: accept mbox: 6[0m
[0;32mI (656) wifi_init: tcpip mbox: 32[0m
[0;32mI (656) wifi_init: udp mbox: 6[0m
[0;32mI (666) wifi_init: tcp mbox: 6[0m
[0;32mI (666) wifi_init: tcp tx win: 5760[0m
[0;32mI (666) wifi_init: tcp rx win: 5760[0m
[0;32mI (666) wifi_init: tcp mss: 1440[0m
[0;32mI (676) wifi_init: WiFi IRAM OP enabled[0m
[0;32mI (676) wifi_init: WiFi RX IRAM OP enabled[0m
[0;32mI (686) phy_init: phy_version 4860,6b7a6e5,Feb  6 2025,14:47:07[0m
[0;32mI (766) phy_init: Saving new calibration data due to checksum failure or outdated calibration data, mode(0)[0m
[0;32mI (816) wifi:mode : sta (f4:65:0b:46:b0:cc)[0m
[0;32mI (816) wifi:enable tsf[0m
[0;32mI (5086) esp_netif_handlers: sta ip: 192.168.0.39, mask: 255.255.255.0, gw: 192.168.0.1[0m
[0;32mI (5086) gpio: GPIO[4]| InputEn: 1| OutputEn: 0| OpenDrain: 0| Pullup: 1| Pulldown: 0| Intr:0 [0m
[0;32mI (5086) gpio: GPIO[2]| InputEn: 0| OutputEn: 1| OpenDrain: 0| Pullup: 0| Pulldown: 0| Intr:0 [0m
[0;33mW (5096) DOOR_MONITOR: Door/Window is OPEN[0m
[0;32mI (6606) esp-x509-crt-bundle: Certificate validated[0m
[0;33mW (8626) DOOR_MONITOR: Door/Window is CLOSED[0m
[0;32mI (9846) esp-x509-crt-bundle: Certificate validated[0m
[0;33mW (11296) DOOR_MONITOR: Door/Window is OPEN[0m
[0;32mI (12206) esp-x509-crt-bundle: Certificate validated[0m
[0;33mW (14246) DOOR_MONITOR: Door/Window is CLOSED[0m
[0;32mI (15396) esp-x509-crt-bundle: Certificate validated[0m
[0;33mW (20926) esp-tls: Failed to open new connection in specified timeout[0m
[1;31mE (20926) transport_base: Failed to open a new connection[0m
[1;31mE (20926) HTTP_CLIENT: Connection failed, sock < 0[0m
[0;33mW (20936) DOOR_MONITOR: Door/Window is OPEN[0m
[0;32mI (21836) esp-x509-crt-bundle: Certificate validated[0m
[0;32mI (24286) esp-x509-crt-bundle: Certificate validated[0m
[0;32mI (26326) esp-x509-crt-bundle: Certificate validated[0m
[0;32mI (28366) esp-x509-crt-bundle: Certificate validated[0m
[0;32mI (30626) esp-x509-crt-bundle: Certificate validated[0m
[0;32mI (33096) esp-x509-crt-bundle: Certificate validated[0m
[0;32mI (35546) esp-x509-crt-bundle: Certificate validated[0m
[0;32mI (37796) esp-x509-crt-bundle: Certificate validated[0m
[0;32mI (39836) esp-x509-crt-bundle: Certificate validated[0m
[0;32mI (42356) esp-x509-crt-bundle: Certificate validated[0m
[0;32mI (44776) esp-x509-crt-bundle: Certificate validated[0m
[0;32mI (46796) esp-x509-crt-bundle: Certificate validated[0m
[0;32mI (49076) esp-x509-crt-bundle: Certificate validated[0m
[0;32mI (51306) esp-x509-crt-bundle: Certificate validated[0m
[0;32mI (53576) esp-x509-crt-bundle: Certificate validated[0m
[0;32mI (55816) esp-x509-crt-bundle: Certificate validated[0m
[0;32mI (57856) esp-x509-crt-bundle: Certificate validated[0m
[0;32mI (59896) esp-x509-crt-bundle: Certificate validated[0m
[0;32mI (62166) esp-x509-crt-bundle: Certificate validated[0m
[0;32mI (64216) esp-x509-crt-bundle: Certificate validated[0m
[0;32mI (66266) esp-x509-crt-bundle: Certificate validated[0m
[0;32mI (68636) esp-x509-crt-bundle: Certificate validated[0m
[0;32mI (71096) esp-x509-crt-bundle: Certificate validated[0m
[0;32mI (73426) esp-x509-crt-bundle: Certificate validated[0m
[0;32mI (75686) esp-x509-crt-bundle: Certificate validated[0m
[0;32mI (77946) esp-x509-crt-bundle: Certificate validated[0m
[0;32mI (80596) esp-x509-crt-bundle: Certificate validated[0m
[0;32mI (82846) esp-x509-crt-bundle: Certificate validated[0m
